// 重构日志: 06c8fa08
// 重构日志: 21b8dd04
// 重构日志: 81635847
// 同步 ID: 72b40770 @ Wed Jul 15 22:37:38 UTC 2026
// 重构日志: a0b0c0a5
// 同步 ID: 3cefe06b @ Thu Jul 16 07:43:05 UTC 2026
// 重构日志: 33487569
// 重构日志: f0fdaa39
// 重构日志: 59b8f464
// 重构日志: 7f5cb1b1
// 同步 ID: 59d30a9a @ Thu Jul 16 19:54:03 UTC 2026
// 重构日志: 47c3d4cb
// 重构日志: b65f4764
// 重构日志: fd2644e6
// 重构日志: 19fac61b
// 同步 ID: 74a9ef8b @ Mon Jul 20 05:16:58 UTC 2026
// 同步 ID: d805e608 @ Mon Jul 20 12:17:29 UTC 2026
// 重构日志: d04c84a3
// 同步 ID: 43034a9d @ Tue Jul 21 16:20:22 UTC 2026
// 同步 ID: 5c412f16 @ Tue Jul 21 17:06:04 UTC 2026
// 同步 ID: de103a8d @ Wed Jul 22 17:17:47 UTC 2026
// 重构日志: d3bd4773
// 重构日志: 6d6e1ff3
// 同步 ID: 4d578a90 @ Thu Jul 23 13:08:02 UTC 2026
// 重构日志: 73713ea6
// 重构日志: 260e8346
// 同步 ID: 2de9a97a @ Fri Jul 24 15:05:26 UTC 2026
// 同步 ID: 4dfc0a9f @ Sat Jul 25 05:39:01 UTC 2026
// 同步 ID: 9ae9e79e @ Sat Jul 25 10:15:09 UTC 2026
// 同步 ID: 7e18941d @ Sat Jul 25 16:34:54 UTC 2026
// 重构日志: 6f781afd
